// Jest Snapshot v1, https://goo.gl/fbAQLP

exports[`renders homepage unchanged 1`] = `
<div
  className="MuiGrid-root MuiGrid-container MuiGrid-spacing-xs-2 MuiGrid-justify-xs-center"
>
  <div
    className="MuiGrid-root MuiGrid-item"
  >
    <div
      className="MuiPaper-root MuiCard-root MuiPaper-elevation1 MuiPaper-rounded"
    >
      <button
        className="MuiButtonBase-root MuiCardActionArea-root"
        disabled={false}
        onBlur={[Function]}
        onClick={[Function]}
        onDragLeave={[Function]}
        onFocus={[Function]}
        onKeyDown={[Function]}
        onKeyUp={[Function]}
        onMouseDown={[Function]}
        onMouseLeave={[Function]}
        onMouseUp={[Function]}
        onTouchEnd={[Function]}
        onTouchMove={[Function]}
        onTouchStart={[Function]}
        tabIndex={0}
        type="button"
      >
        <div
          className="MuiCardContent-root makeStyles-card-1"
        >
          <div
            className="MuiCardMedia-root makeStyles-media-2"
            style={
              Object {
                "backgroundImage": "url(\\"http://google.fr\\")",
              }
            }
            title="cat :3"
          />
        </div>
        <span
          className="MuiCardActionArea-focusHighlight"
        />
      </button>
    </div>
  </div>
  <div
    className="MuiGrid-root MuiGrid-item"
  >
    <div
      className="MuiPaper-root MuiCard-root MuiPaper-elevation1 MuiPaper-rounded"
    >
      <button
        className="MuiButtonBase-root MuiCardActionArea-root"
        disabled={false}
        onBlur={[Function]}
        onClick={[Function]}
        onDragLeave={[Function]}
        onFocus={[Function]}
        onKeyDown={[Function]}
        onKeyUp={[Function]}
        onMouseDown={[Function]}
        onMouseLeave={[Function]}
        onMouseUp={[Function]}
        onTouchEnd={[Function]}
        onTouchMove={[Function]}
        onTouchStart={[Function]}
        tabIndex={0}
        type="button"
      >
        <div
          className="MuiCardContent-root makeStyles-card-1"
        >
          <div
            className="MuiCardMedia-root makeStyles-media-2"
            style={
              Object {
                "backgroundImage": "url(\\"http://google.fr\\")",
              }
            }
            title="cat :3"
          />
        </div>
        <span
          className="MuiCardActionArea-focusHighlight"
        />
      </button>
    </div>
  </div>
</div>
`;
